<wsdl:binding xmlns:tns="http://andmed.x-road.ee/producer" name="bindingName" type="tns:bindingType">
<soap:binding style="rpc" transport="http://schemas.xmlsoap.org/soap/http"></soap:binding>
<wsdl:operation name="bindingOp">
<xtee:version>v1</xtee:version>
<wsdl:input>
<soap:body encodingStyle="http://schemas.xmlsoap.org/soap/encoding/"
namespace="http://producers.xrdrpc-andmekogu.xtee.riik.ee/producer/xrdrpc-andmekogu"
use="encoded"></soap:body>
<soap:header message="tns:standardpais" part="asutus"
encodingStyle="http://schemas.xmlsoap.org/soap/encoding/"
namespace="http://producers.xrdrpc-andmekogu.xtee.riik.ee/producer/xrdrpc-andmekogu"
use="encoded">
</soap:header>
<soap:header message="tns:standardpais" part="andmekogu"
encodingStyle="http://schemas.xmlsoap.org/soap/encoding/"
namespace="http://producers.xrdrpc-andmekogu.xtee.riik.ee/producer/xrdrpc-andmekogu"
use="encoded">
</soap:header>
<soap:header message="tns:standardpais" part="isikukood"
encodingStyle="http://schemas.xmlsoap.org/soap/encoding/"
namespace="http://producers.xrdrpc-andmekogu.xtee.riik.ee/producer/xrdrpc-andmekogu"
use="encoded">
</soap:header>
<soap:header message="tns:standardpais" part="id"
encodingStyle="http://schemas.xmlsoap.org/soap/encoding/"
namespace="http://producers.xrdrpc-andmekogu.xtee.riik.ee/producer/xrdrpc-andmekogu"
use="encoded">
</soap:header>
<soap:header message="tns:standardpais" part="nimi"
encodingStyle="http://schemas.xmlsoap.org/soap/encoding/"
namespace="http://producers.xrdrpc-andmekogu.xtee.riik.ee/producer/xrdrpc-andmekogu"
use="encoded">
</soap:header>
<soap:header message="tns:standardpais" part="toimik"
encodingStyle="http://schemas.xmlsoap.org/soap/encoding/"
namespace="http://producers.xrdrpc-andmekogu.xtee.riik.ee/producer/xrdrpc-andmekogu"
use="encoded">
</soap:header>
</wsdl:input>
<wsdl:output>
<soap:body encodingStyle="http://schemas.xmlsoap.org/soap/encoding/"
namespace="http://producers.xrdrpc-andmekogu.xtee.riik.ee/producer/xrdrpc-andmekogu"
use="encoded"></soap:body>
<soap:header message="tns:standardpais" part="asutus"
encodingStyle="http://schemas.xmlsoap.org/soap/encoding/"
namespace="http://producers.xrdrpc-andmekogu.xtee.riik.ee/producer/xrdrpc-andmekogu"
use="encoded">
</soap:header>
<soap:header message="tns:standardpais" part="andmekogu"
encodingStyle="http://schemas.xmlsoap.org/soap/encoding/"
namespace="http://producers.xrdrpc-andmekogu.xtee.riik.ee/producer/xrdrpc-andmekogu"
use="encoded">
</soap:header>
<soap:header message="tns:standardpais" part="isikukood"
encodingStyle="http://schemas.xmlsoap.org/soap/encoding/"
namespace="http://producers.xrdrpc-andmekogu.xtee.riik.ee/producer/xrdrpc-andmekogu"
use="encoded">
</soap:header>
<soap:header message="tns:standardpais" part="id"
encodingStyle="http://schemas.xmlsoap.org/soap/encoding/"
namespace="http://producers.xrdrpc-andmekogu.xtee.riik.ee/producer/xrdrpc-andmekogu"
use="encoded">
</soap:header>
<soap:header message="tns:standardpais" part="nimi"
encodingStyle="http://schemas.xmlsoap.org/soap/encoding/"
namespace="http://producers.xrdrpc-andmekogu.xtee.riik.ee/producer/xrdrpc-andmekogu"
use="encoded">
</soap:header>
<soap:header message="tns:standardpais" part="toimik"
encodingStyle="http://schemas.xmlsoap.org/soap/encoding/"
namespace="http://producers.xrdrpc-andmekogu.xtee.riik.ee/producer/xrdrpc-andmekogu"
use="encoded">
</soap:header>
</wsdl:output>
</wsdl:operation>
</wsdl:binding>
